Microchip MPLAB XC8 Compiler V2.10 ()

Linker command line:

-W-3 --edf=C:\Program Files (x86)\Microchip\xc8\v2.10\pic\dat\en_msgs.txt \
  -cs -h+dist/default/production\smart.X.production.sym \
  --cmf=dist/default/production\smart.X.production.cmf -z -Q16F877A \
  -oC:\Users\USER\AppData\Local\Temp\scbo.2 --defsym=__MPLAB_BUILD=1 \
  -Mdist/default/production/smart.X.production.map -E1 -ver=XC8 \
  --acfsm=1493 -ASTACK=0110h-016Fh -pstack=STACK -ACODE=00h-07FFhx4 \
  -ASTRCODE=00h-01FFFh -ASTRING=00h-0FFhx32 -ACONST=00h-0FFhx32 \
  -AENTRY=00h-0FFhx32 -ACOMMON=070h-07Fh -ABANK0=020h-06Fh \
  -ABANK1=0A0h-0EFh -ABANK2=0110h-016Fh -ABANK3=0190h-01EFh \
  -ARAM=020h-06Fh,0A0h-0EFh,0110h-016Fh,0190h-01EFh \
  -AABS1=020h-07Fh,0A0h-0EFh,0110h-016Fh,0190h-01EFh -ASFR0=00h-01Fh \
  -ASFR1=080h-09Fh -ASFR2=0100h-010Fh -ASFR3=0180h-018Fh \
  -preset_vec=00h,intentry,init,end_init -ppowerup=CODE -pcinit=CODE \
  -pfunctab=ENTRY -ACONFIG=02007h-02007h -pconfig=CONFIG -DCONFIG=2 \
  -AIDLOC=02000h-02003h -pidloc=IDLOC -DIDLOC=2 -AEEDATA=00h-0FFh/02100h \
  -peeprom_data=EEDATA -DEEDATA=2 -DCODE=2 -DSTRCODE=2 -DSTRING=2 -DCONST=2 \
  -DENTRY=2 -k C:\Users\USER\AppData\Local\Temp\scbo.o \
  dist/default/production\smart.X.production.o 

Object code version is 3.11

Machine type is 16F877A



                Name                               Link     Load   Length Selector   Space Scale
C:\Users\USER\AppData\Local\Temp\scbo.o
                end_init                              0        0        3        0       0
                config                             2007     2007        1     400E       0
dist/default/production\smart.X.production.o
                cinit                               7EE      7EE       12      FDC       0
                text7                               652      652       22      CA4       0
                text6                               638      638       1A      C70       0
                text5                               62B      62B        D      C56       0
                text4                               78F      78F       5F      F1E       0
                text3                               674      674       25      CE8       0
                text2                               6E9      6E9       52      DD2       0
                text1                               73B      73B       54      E76       0
                maintext                            699      699       50      D32       0
                cstackBANK0                          2A       2A        3       20       1
                cstackCOMMON                         70       70        C       70       1
                bssBANK0                             20       20        A       20       1
                bssCOMMON                            7C       7C        2       70       1
                strings                               3        3        C        6       0

TOTAL           Name                               Link     Load   Length     Space
        CLASS   STACK          

        CLASS   CODE           
                end_init                              0        0        3         0
                cinit                               7EE      7EE       12         0
                text7                               652      652       22         0
                text6                               638      638       1A         0
                text5                               62B      62B        D         0
                text4                               78F      78F       5F         0
                text3                               674      674       25         0
                text2                               6E9      6E9       52         0
                text1                               73B      73B       54         0
                maintext                            699      699       50         0

        CLASS   STRCODE        

        CLASS   STRING         
                strings                               3        3        C         0

        CLASS   CONST          

        CLASS   ENTRY          

        CLASS   COMMON         
                cstackCOMMON                         70       70        C         1
                bssCOMMON                            7C       7C        2         1

        CLASS   BANK0          
                cstackBANK0                          2A       2A        3         1
                bssBANK0                             20       20        A         1

        CLASS   BANK1          

        CLASS   BANK2          

        CLASS   BANK3          

        CLASS   RAM            

        CLASS   ABS1           
                abs_s1                               7E       7E        2         1

        CLASS   SFR0           

        CLASS   SFR1           

        CLASS   SFR2           

        CLASS   SFR3           

        CLASS   CONFIG         
                config                             2007     2007        1         0

        CLASS   IDLOC          

        CLASS   EEDATA         



SEGMENTS        Name                           Load    Length   Top    Selector   Space  Class     Delta

                reset_vec                      000000  000003  000003         0       0  CODE        2
                strings                        000003  00000C  00000F         6       0  STRING      2
                bssBANK0                       000020  00000D  00002D        20       1  BANK0       1
                cstackCOMMON                   000070  00000E  00007E        70       1  COMMON      1
                text5                          00062B  00000D  000638       C56       0  CODE        2
                text6                          000638  00001A  000652       C70       0  CODE        2
                text7                          000652  000022  000674       CA4       0  CODE        2
                text3                          000674  000025  000699       CE8       0  CODE        2
                maintext                       000699  000050  0006E9       D32       0  CODE        2
                text2                          0006E9  000052  00073B       DD2       0  CODE        2
                text1                          00073B  000054  00078F       E76       0  CODE        2
                text4                          00078F  00005F  0007EE       F1E       0  CODE        2
                cinit                          0007EE  000012  000800       FDC       0  CODE        2
                config                         002007  000001  002008      400E       0  CONFIG      2


UNUSED ADDRESS RANGES

        Name                Unused          Largest block    Delta
        BANK0            002D-006F             43           1
        BANK1            00A0-00EF             50           1
        BANK2            0110-016F             60           1
        BANK3            0190-01EF             60           1
        CODE             000F-062A            61C           2
                         0800-1FFF            800
        CONST            000F-062A            100           2
                         0800-1FFF            100
        EEDATA           2100-21FF            100           2
        ENTRY            000F-062A            100           2
                         0800-1FFF            100
        IDLOC            2000-2003              4           2
        RAM              002D-006F             43           1
                         00A0-00EF             50
                         0110-016F             60
                         0190-01EF             60
        SFR0             0000-001F             20           1
        SFR1             0080-009F             20           1
        SFR2             0100-010F             10           1
        SFR3             0180-018F             10           1
        STACK            0110-016F             60           1
        STRCODE          000F-062A            61C           2
                         0800-1FFF           1800
        STRING           000F-062A            100           2
                         0800-1FFF            100

                                  Symbol Table

Lcd_Cmd@a                   cstackCOMMON 0073
Lcd_Print_Char@Lower_Nibble cstackCOMMON 0072
Lcd_Print_Char@Upper_Nibble cstackCOMMON 0073
Lcd_Print_Char@data         cstackCOMMON 0078
Lcd_Print_Char@i            cstackCOMMON 0074
Lcd_Print_Char@i_72         cstackCOMMON 0076
Lcd_Print_String@a          cstackCOMMON 007B
Lcd_Print_String@i          cstackCOMMON 0079
Lcd_SetBit@data_bit         cstackCOMMON 0070
Lcd_Set_Cursor@a            cstackCOMMON 0077
Lcd_Set_Cursor@b            cstackCOMMON 0074
Lcd_Set_Cursor@temp         cstackCOMMON 007A
Lcd_Set_Cursor@y            cstackCOMMON 0079
Lcd_Set_Cursor@z            cstackCOMMON 0078
_Lcd_Clear                  text5        062B
_Lcd_Cmd                    text6        0638
_Lcd_Print_Char             text4        078F
_Lcd_Print_String           text3        0674
_Lcd_SetBit                 text7        0652
_Lcd_Set_Cursor             text2        06E9
_Lcd_Start                  text1        073B
_PORTA                      (abs)        0005
_PORTB                      (abs)        0006
_PORTC                      (abs)        0007
_PORTD                      (abs)        0008
_PORTE                      (abs)        0009
_RB0                        (abs)        0030
_RD0                        (abs)        0040
_RD1                        (abs)        0041
_RD2                        (abs)        0042
_RD3                        (abs)        0043
_RD4                        (abs)        0044
_RD5                        (abs)        0045
_TRISB                      (abs)        0086
_TRISD                      (abs)        0088
__CFG_BOREN$OFF             (abs)        0000
__CFG_CP$OFF                (abs)        0000
__CFG_CPD$OFF               (abs)        0000
__CFG_FOSC$HS               (abs)        0000
__CFG_LVP$OFF               (abs)        0000
__CFG_PWRTE$OFF             (abs)        0000
__CFG_WDTE$OFF              (abs)        0000
__CFG_WRT$OFF               (abs)        0000
__Habs1                     abs1         0000
__Hbank0                    bank0        0000
__Hbank1                    bank1        0000
__Hbank2                    bank2        0000
__Hbank3                    bank3        0000
__HbssBANK0                 bssBANK0     0000
__HbssCOMMON                bssCOMMON    0000
__Hcinit                    cinit        0800
__Hclrtext                  clrtext      0000
__Hcode                     code         0000
__Hcommon                   common       0000
__Hconfig                   config       2008
__HcstackBANK0              cstackBANK0  0000
__HcstackCOMMON             cstackCOMMON 0000
__Heeprom_data              eeprom_data  0000
__Hend_init                 end_init     0003
__Hfunctab                  functab      0000
__Hidloc                    idloc        0000
__Hinit                     init         0000
__Hintentry                 intentry     0000
__Hmaintext                 maintext     0000
__Hpowerup                  powerup      0000
__Hram                      ram          0000
__Hreset_vec                reset_vec    0000
__Hsfr0                     sfr0         0000
__Hsfr1                     sfr1         0000
__Hsfr2                     sfr2         0000
__Hsfr3                     sfr3         0000
__Hspace_0                  (abs)        2008
__Hspace_1                  (abs)        007E
__Hspace_2                  (abs)        0000
__Hspace_3                  (abs)        0000
__Hstack                    stack        0000
__Hstrings                  strings      0000
__Htext                     text         0000
__Labs1                     abs1         0000
__Lbank0                    bank0        0000
__Lbank1                    bank1        0000
__Lbank2                    bank2        0000
__Lbank3                    bank3        0000
__LbssBANK0                 bssBANK0     0000
__LbssCOMMON                bssCOMMON    0000
__Lcinit                    cinit        07EE
__Lclrtext                  clrtext      0000
__Lcode                     code         0000
__Lcommon                   common       0000
__Lconfig                   config       2007
__LcstackBANK0              cstackBANK0  0000
__LcstackCOMMON             cstackCOMMON 0000
__Leeprom_data              eeprom_data  0000
__Lend_init                 end_init     0000
__Lfunctab                  functab      0000
__Lidloc                    idloc        0000
__Linit                     init         0000
__Lintentry                 intentry     0000
__Lmaintext                 maintext     0000
__Lpowerup                  powerup      0000
__Lram                      ram          0000
__Lreset_vec                reset_vec    0000
__Lsfr0                     sfr0         0000
__Lsfr1                     sfr1         0000
__Lsfr2                     sfr2         0000
__Lsfr3                     sfr3         0000
__Lspace_0                  (abs)        0000
__Lspace_1                  (abs)        0000
__Lspace_2                  (abs)        0000
__Lspace_3                  (abs)        0000
__Lstack                    stack        0000
__Lstrings                  strings      0000
__Ltext                     text         0000
__S0                        (abs)        2008
__S1                        (abs)        007E
__S2                        (abs)        0000
__S3                        (abs)        0000
___int_sp                   stack        0000
___latbits                  (abs)        0002
___sp                       stack        0000
___stackhi                  (abs)        0000
___stacklo                  (abs)        0000
__end_of_Lcd_Clear          text5        0638
__end_of_Lcd_Cmd            text6        0652
__end_of_Lcd_Print_Char     text4        07EE
__end_of_Lcd_Print_String   text3        0699
__end_of_Lcd_SetBit         text7        0674
__end_of_Lcd_Set_Cursor     text2        073B
__end_of_Lcd_Start          text1        078F
__end_of__initialization    cinit        07FC
__end_of__stringtab         strings      0009
__end_of_main               maintext     06E9
__initialization            cinit        07EE
__pbssBANK0                 bssBANK0     0020
__pbssCOMMON                bssCOMMON    007C
__pcstackBANK0              cstackBANK0  002A
__pcstackCOMMON             cstackCOMMON 0070
__pmaintext                 maintext     0699
__pstrings                  strings      0003
__ptext1                    text1        073B
__ptext2                    text2        06E9
__ptext3                    text3        0674
__ptext4                    text4        078F
__ptext5                    text5        062B
__ptext6                    text6        0638
__ptext7                    text7        0652
__size_of_Lcd_Clear         (abs)        0000
__size_of_Lcd_Cmd           (abs)        0000
__size_of_Lcd_Print_Char    (abs)        0000
__size_of_Lcd_Print_String  (abs)        0000
__size_of_Lcd_SetBit        (abs)        0000
__size_of_Lcd_Set_Cursor    (abs)        0000
__size_of_Lcd_Start         (abs)        0000
__size_of_main              (abs)        0000
__stringbase                strings      0008
__stringtab                 strings      0003
_main                       maintext     0699
btemp                       (abs)        007E
end_of_initialization       cinit        07FC
intlevel0                   functab      0000
intlevel1                   functab      0000
intlevel2                   functab      0000
intlevel3                   functab      0000
intlevel4                   functab      0000
intlevel5                   functab      0000
reset_vec                   reset_vec    0000
start                       init         0000
start_initialization        cinit        07EE
wtemp0                      (abs)        007E


FUNCTION INFORMATION:

 *************** function _main *****************
 Defined at:
		line 29 in file "smartf.c"
 Parameters:    Size  Location     Type
		None
 Auto vars:     Size  Location     Type
		None
 Return value:  Size  Location     Type
                  1    wreg      void 
 Registers used:
		wreg, fsr0l, fsr0h, status,2, status,0, btemp+1, pclath, cstack
 Tracked objects:
		On entry : 
		On exit  : 
		Unchanged: 
 Data sizes:     COMMON   BANK0   BANK1   BANK3   BANK2
      Params:         0       0       0       0       0
      Locals:         0       0       0       0       0
      Temps:          0       3       0       0       0
      Totals:         0       3       0       0       0
Total ram usage:        3 bytes
 Hardware stack levels required when called:    3
 This function calls:
		_Lcd_Clear
		_Lcd_Print_String
		_Lcd_Set_Cursor
		_Lcd_Start
 This function is called by:
		Startup code after reset
 This function uses a non-reentrant model


 *************** function _Lcd_Start *****************
 Defined at:
		line 75 in file "./lcd.h"
 Parameters:    Size  Location     Type
		None
 Auto vars:     Size  Location     Type
  i               2    0        int 
 Return value:  Size  Location     Type
                  1    wreg      void 
 Registers used:
		wreg, status,2, status,0, pclath, cstack
 Tracked objects:
		On entry : 
		On exit  : 
		Unchanged: 
 Data sizes:     COMMON   BANK0   BANK1   BANK3   BANK2
      Params:         0       0       0       0       0
      Locals:         2       0       0       0       0
      Temps:          2       0       0       0       0
      Totals:         4       0       0       0       0
Total ram usage:        4 bytes
 Hardware stack levels used:    1
 Hardware stack levels required when called:    2
 This function calls:
		_Lcd_Cmd
		_Lcd_SetBit
 This function is called by:
		_main
 This function uses a non-reentrant model


 *************** function _Lcd_Set_Cursor *****************
 Defined at:
		line 54 in file "./lcd.h"
 Parameters:    Size  Location     Type
  a               1    wreg     unsigned char 
  b               1    4[COMMON] unsigned char 
 Auto vars:     Size  Location     Type
  a               1    7[COMMON] unsigned char 
  temp            1   10[COMMON] unsigned char 
  y               1    9[COMMON] unsigned char 
  z               1    8[COMMON] unsigned char 
 Return value:  Size  Location     Type
                  1    wreg      void 
 Registers used:
		wreg, status,2, status,0, pclath, cstack
 Tracked objects:
		On entry : 
		On exit  : 
		Unchanged: 
 Data sizes:     COMMON   BANK0   BANK1   BANK3   BANK2
      Params:         1       0       0       0       0
      Locals:         4       0       0       0       0
      Temps:          2       0       0       0       0
      Totals:         7       0       0       0       0
Total ram usage:        7 bytes
 Hardware stack levels used:    1
 Hardware stack levels required when called:    2
 This function calls:
		_Lcd_Cmd
 This function is called by:
		_main
 This function uses a non-reentrant model


 *************** function _Lcd_Print_String *****************
 Defined at:
		line 109 in file "./lcd.h"
 Parameters:    Size  Location     Type
  a               1    wreg     PTR unsigned char 
		 -> STR_1(6), 
 Auto vars:     Size  Location     Type
  a               1   11[COMMON] PTR unsigned char 
		 -> STR_1(6), 
  i               2    9[COMMON] int 
 Return value:  Size  Location     Type
                  1    wreg      void 
 Registers used:
		wreg, fsr0l, fsr0h, status,2, status,0, btemp+1, pclath, cstack
 Tracked objects:
		On entry : 
		On exit  : 
		Unchanged: 
 Data sizes:     COMMON   BANK0   BANK1   BANK3   BANK2
      Params:         0       0       0       0       0
      Locals:         3       0       0       0       0
      Temps:          0       0       0       0       0
      Totals:         3       0       0       0       0
Total ram usage:        3 bytes
 Hardware stack levels used:    1
 Hardware stack levels required when called:    2
 This function calls:
		_Lcd_Print_Char
 This function is called by:
		_main
 This function uses a non-reentrant model


 *************** function _Lcd_Print_Char *****************
 Defined at:
		line 93 in file "./lcd.h"
 Parameters:    Size  Location     Type
  data            1    wreg     unsigned char 
 Auto vars:     Size  Location     Type
  data            1    8[COMMON] unsigned char 
  i               2    6[COMMON] int 
  i               2    4[COMMON] int 
  Upper_Nibble    1    3[COMMON] unsigned char 
  Lower_Nibble    1    2[COMMON] unsigned char 
 Return value:  Size  Location     Type
                  1    wreg      void 
 Registers used:
		wreg, status,2, status,0, btemp+1, pclath, cstack
 Tracked objects:
		On entry : 
		On exit  : 
		Unchanged: 
 Data sizes:     COMMON   BANK0   BANK1   BANK3   BANK2
      Params:         0       0       0       0       0
      Locals:         7       0       0       0       0
      Temps:          1       0       0       0       0
      Totals:         8       0       0       0       0
Total ram usage:        8 bytes
 Hardware stack levels used:    1
 Hardware stack levels required when called:    1
 This function calls:
		_Lcd_SetBit
 This function is called by:
		_Lcd_Print_String
 This function uses a non-reentrant model


 *************** function _Lcd_Clear *****************
 Defined at:
		line 48 in file "./lcd.h"
 Parameters:    Size  Location     Type
		None
 Auto vars:     Size  Location     Type
		None
 Return value:  Size  Location     Type
                  2   60[None  ] int 
 Registers used:
		wreg, status,2, status,0, pclath, cstack
 Tracked objects:
		On entry : 
		On exit  : 
		Unchanged: 
 Data sizes:     COMMON   BANK0   BANK1   BANK3   BANK2
      Params:         0       0       0       0       0
      Locals:         0       0       0       0       0
      Temps:          0       0       0       0       0
      Totals:         0       0       0       0       0
Total ram usage:        0 bytes
 Hardware stack levels used:    1
 Hardware stack levels required when called:    2
 This function calls:
		_Lcd_Cmd
 This function is called by:
		_main
 This function uses a non-reentrant model


 *************** function _Lcd_Cmd *****************
 Defined at:
		line 39 in file "./lcd.h"
 Parameters:    Size  Location     Type
  a               1    wreg     unsigned char 
 Auto vars:     Size  Location     Type
  a               1    3[COMMON] unsigned char 
 Return value:  Size  Location     Type
                  1    wreg      void 
 Registers used:
		wreg, status,2, status,0, pclath, cstack
 Tracked objects:
		On entry : 
		On exit  : 
		Unchanged: 
 Data sizes:     COMMON   BANK0   BANK1   BANK3   BANK2
      Params:         0       0       0       0       0
      Locals:         1       0       0       0       0
      Temps:          2       0       0       0       0
      Totals:         3       0       0       0       0
Total ram usage:        3 bytes
 Hardware stack levels used:    1
 Hardware stack levels required when called:    1
 This function calls:
		_Lcd_SetBit
 This function is called by:
		_Lcd_Clear
		_Lcd_Set_Cursor
		_Lcd_Start
 This function uses a non-reentrant model


 *************** function _Lcd_SetBit *****************
 Defined at:
		line 16 in file "./lcd.h"
 Parameters:    Size  Location     Type
  data_bit        1    wreg     unsigned char 
 Auto vars:     Size  Location     Type
  data_bit        1    0[COMMON] unsigned char 
 Return value:  Size  Location     Type
                  1    wreg      void 
 Registers used:
		wreg
 Tracked objects:
		On entry : 
		On exit  : 
		Unchanged: 
 Data sizes:     COMMON   BANK0   BANK1   BANK3   BANK2
      Params:         0       0       0       0       0
      Locals:         1       0       0       0       0
      Temps:          0       0       0       0       0
      Totals:         1       0       0       0       0
Total ram usage:        1 bytes
 Hardware stack levels used:    1
 This function calls:
		Nothing
 This function is called by:
		_Lcd_Cmd
		_Lcd_Start
		_Lcd_Print_Char
 This function uses a non-reentrant model



MODULE INFORMATION

Module		Function		Class		Link	Load	Size
./lcd.h
		_Lcd_Cmd       		CODE           	0638	0000	27
		_Lcd_SetBit    		CODE           	0652	0000	35
		_Lcd_Start     		CODE           	073B	0000	85
		_Lcd_Set_Cursor		CODE           	06E9	0000	83
		_Lcd_Clear     		CODE           	062B	0000	14
		_Lcd_Print_String		CODE           	0674	0000	38
		_Lcd_Print_Char		CODE           	078F	0000	96

./lcd.h estimated size: 378

smartf.c
		_main          		CODE           	0699	0000	81

smartf.c estimated size: 81

shared
		__stringtab    		STRING         	0003	0000	7
		__initialization		CODE           	07EE	0000	15

shared estimated size: 22

